==================================== INPUT ====================================
query UpdatableQuery @updatable {
  me {
    actorCount
    name
  }
}
==================================== OUTPUT ===================================
export type UpdatableQuery$variables = {||};
export type UpdatableQuery$data = {|
  get me(): ?{|
    actorCount: ?number,
    name: ?string,
  |},
  set me(value: ?{
    +__typename: "User",
    +__id: string,
    ...
  }): void,
|};
export type UpdatableQuery = {|
  response: UpdatableQuery$data,
  variables: UpdatableQuery$variables,
|};
