==================================== INPUT ====================================
# expected-to-throw
fragment UserFields on User @writable {
  id
  name
  ...OtherFragment
}

fragment OtherFragment on User {
  email
}
==================================== ERROR ====================================
✖︎ The type `User` has no field `email`.
See https://relay.dev/docs/error-reference/unknown-field/

  writable-with-fragment-spread.invalid.graphql:9:3
    8 │ fragment OtherFragment on User {
    9 │   email
      │   ^^^^^
   10 │ }
